Copyright 1986-2014 Xilinx, Inc. All Rights Reserved.
--------------------------------------------------------------------------------------------------------
| Tool Version : Vivado v.2014.4 (lin64) Build 1071353 Tue Nov 18 16:47:07 MST 2014
| Date         : Mon Apr 11 03:03:01 2016
| Host         : Daedalus running 64-bit Ubuntu 14.04.4 LTS
| Command      : report_control_sets -verbose -file Interface_Master_BD_wrapper_control_sets_placed.rpt
| Design       : Interface_Master_BD_wrapper
| Device       : xc7z010
--------------------------------------------------------------------------------------------------------

Control Set Information

Table of Contents
-----------------
1. Summary
2. Flip-Flop Distribution
3. Detailed Control Set Information

1. Summary
----------

+-------------------------------------------------------------------+-------+
|                               Status                              | Count |
+-------------------------------------------------------------------+-------+
| Number of unique control sets                                     |    66 |
| Minimum Number of register sites lost to control set restrictions |   127 |
+-------------------------------------------------------------------+-------+


2. Flip-Flop Distribution
-------------------------

+--------------+-----------------------+------------------------+-----------------+--------------+
| Clock Enable | Synchronous Set/Reset | Asynchronous Set/Reset | Total Registers | Total Slices |
+--------------+-----------------------+------------------------+-----------------+--------------+
| No           | No                    | No                     |             189 |           66 |
| No           | No                    | Yes                    |              33 |           18 |
| No           | Yes                   | No                     |             684 |          240 |
| Yes          | No                    | No                     |             625 |          208 |
| Yes          | No                    | Yes                    |              89 |           57 |
| Yes          | Yes                   | No                     |             125 |           50 |
+--------------+-----------------------+------------------------+-----------------+--------------+


3. Detailed Control Set Information
-----------------------------------

+---------------------------------------------------------------------------------------------------------------------------+-----------------------------------------------------------------------------------------------------------------------------------------------------------+------------------------------------------------------------------------------------------------------------------------------------------------------+------------------+----------------+
|                                                        Clock Signal                                                       |                                                                       Enable Signal                                                                       |                                                                   Set/Reset Signal                                                                   | Slice Load Count | Bel Load Count |
+---------------------------------------------------------------------------------------------------------------------------+-----------------------------------------------------------------------------------------------------------------------------------------------------------+------------------------------------------------------------------------------------------------------------------------------------------------------+------------------+----------------+
|  Interface_Master_BD_i/processing_system7_0/inst/FCLK_CLK0                                                                | Interface_Master_BD_i/processing_system7_0_axi_periph/s00_couplers/auto_pc/inst/gen_axilite.gen_b2s_conv.axilite_b2s/WR.b_channel_0/bid_fifo_0/bresp_push |                                                                                                                                                      |                1 |              2 |
|  Interface_Master_BD_i/processing_system7_0/inst/FCLK_CLK0                                                                | Interface_Master_BD_i/processing_system7_0_axi_periph/s00_couplers/auto_pc/inst/gen_axilite.gen_b2s_conv.axilite_b2s/WR.aw_channel_0/aw_cmd_fsm_0/O11[0]  |                                                                                                                                                      |                2 |              4 |
|  Interface_Master_BD_i/processing_system7_0/inst/FCLK_CLK0                                                                | Interface_Master_BD_i/processing_system7_0_axi_periph/s00_couplers/auto_pc/inst/gen_axilite.gen_b2s_conv.axilite_b2s/WR.aw_channel_0/aw_cmd_fsm_0/O13     | Interface_Master_BD_i/processing_system7_0_axi_periph/s00_couplers/auto_pc/inst/gen_axilite.gen_b2s_conv.axilite_b2s/WR.aw_channel_0/aw_cmd_fsm_0/O1 |                2 |              4 |
|  Interface_Master_BD_i/clk_wiz_0/U0/clk_out2                                                                              |                                                                                                                                                           |                                                                                                                                                      |                2 |              4 |
|  Interface_Master_BD_i/processing_system7_0/inst/FCLK_CLK0                                                                | Interface_Master_BD_i/processing_system7_0_axi_periph/s00_couplers/auto_pc/inst/gen_axilite.gen_b2s_conv.axilite_b2s/WR.aw_channel_0/aw_cmd_fsm_0/O13     |                                                                                                                                                      |                2 |              4 |
|  Interface_Master_BD_i/processing_system7_0/inst/FCLK_CLK0                                                                | Interface_Master_BD_i/processing_system7_0_axi_periph/s00_couplers/auto_pc/inst/gen_axilite.gen_b2s_conv.axilite_b2s/RD.ar_channel_0/ar_cmd_fsm_0/O12     | Interface_Master_BD_i/processing_system7_0_axi_periph/s00_couplers/auto_pc/inst/gen_axilite.gen_b2s_conv.axilite_b2s/RD.ar_channel_0/ar_cmd_fsm_0/O3 |                1 |              4 |
|  Interface_Master_BD_i/processing_system7_0/inst/FCLK_CLK0                                                                | Interface_Master_BD_i/processing_system7_0_axi_periph/s00_couplers/auto_pc/inst/gen_axilite.gen_b2s_conv.axilite_b2s/RD.ar_channel_0/ar_cmd_fsm_0/O12     |                                                                                                                                                      |                1 |              4 |
|  Interface_Master_BD_i/processing_system7_0/inst/FCLK_CLK0                                                                | Interface_Master_BD_i/processing_system7_0_axi_periph/s00_couplers/auto_pc/inst/gen_axilite.gen_b2s_conv.axilite_b2s/RD.ar_channel_0/ar_cmd_fsm_0/O14[0]  |                                                                                                                                                      |                2 |              4 |
|  Interface_Master_BD_i/AXIinterfacefor65816_0/U0/AXIinterfacefor65816_v1_0_S00_AXI_inst/HEART/decode_on                   |                                                                                                                                                           |                                                                                                                                                      |                4 |              5 |
|  Interface_Master_BD_i/processing_system7_0/inst/FCLK_CLK0                                                                |                                                                                                                                                           | Interface_Master_BD_i/rst_processing_system7_0_71M/U0/EXT_LPF/lpf_int                                                                                |                3 |              5 |
|  Interface_Master_BD_i/processing_system7_0/inst/FCLK_CLK0                                                                | Interface_Master_BD_i/rst_processing_system7_0_71M/U0/SEQ/seq_cnt_en                                                                                      | Interface_Master_BD_i/rst_processing_system7_0_71M/U0/SEQ/SEQ_COUNTER/clear                                                                          |                1 |              6 |
|  Interface_Master_BD_i/processing_system7_0/inst/FCLK_CLK0                                                                | Interface_Master_BD_i/AXIinterfacefor65816_0/U0/AXIinterfacefor65816_v1_0_S00_AXI_inst/axi_arready0                                                       | Interface_Master_BD_i/AXIinterfacefor65816_0/U0/AXIinterfacefor65816_v1_0_S00_AXI_inst/n_0_axi_awready_i_1                                           |                3 |              7 |
|  Interface_Master_BD_i/processing_system7_0/inst/FCLK_CLK0                                                                | Interface_Master_BD_i/processing_system7_0_axi_periph/s00_couplers/auto_pc/inst/gen_axilite.gen_b2s_conv.axilite_b2s/WR.aw_channel_0/aw_cmd_fsm_0/O14     |                                                                                                                                                      |                2 |              8 |
|  Interface_Master_BD_i/processing_system7_0/inst/FCLK_CLK0                                                                | Interface_Master_BD_i/processing_system7_0_axi_periph/s00_couplers/auto_pc/inst/gen_axilite.gen_b2s_conv.axilite_b2s/RD.ar_channel_0/ar_cmd_fsm_0/O13[0]  |                                                                                                                                                      |                4 |              8 |
|  Interface_Master_BD_i/processing_system7_0/inst/FCLK_CLK0                                                                | Interface_Master_BD_i/processing_system7_0_axi_periph/s00_couplers/auto_pc/inst/gen_axilite.gen_b2s_conv.axilite_b2s/RD.ar_channel_0/ar_cmd_fsm_0/E[0]    |                                                                                                                                                      |                3 |              8 |
|  Interface_Master_BD_i/processing_system7_0/inst/FCLK_CLK0                                                                | Interface_Master_BD_i/processing_system7_0_axi_periph/s00_couplers/auto_pc/inst/gen_axilite.gen_b2s_conv.axilite_b2s/RD.ar_channel_0/ar_cmd_fsm_0/O16     |                                                                                                                                                      |                2 |              8 |
|  Interface_Master_BD_i/processing_system7_0/inst/FCLK_CLK0                                                                |                                                                                                                                                           | Interface_Master_BD_i/processing_system7_0_axi_periph/s00_couplers/auto_pc/inst/gen_axilite.gen_b2s_conv.axilite_b2s/SI_REG/ar_pipe/SR[0]            |                4 |              8 |
|  Interface_Master_BD_i/processing_system7_0/inst/FCLK_CLK0                                                                | Interface_Master_BD_i/processing_system7_0_axi_periph/s00_couplers/auto_pc/inst/gen_axilite.gen_b2s_conv.axilite_b2s/WR.aw_channel_0/aw_cmd_fsm_0/E[0]    |                                                                                                                                                      |                3 |              8 |
|  Interface_Master_BD_i/clk_wiz_0/U0/clk_out1_Interface_Master_BD_clk_wiz_0_0_en_clk                                       |                                                                                                                                                           |                                                                                                                                                      |                2 |              8 |
|  Interface_Master_BD_i/clk_wiz_0/U0/clk_out1                                                                              | Interface_Master_BD_i/AXIinterfacefor65816_0/U0/AXIinterfacefor65816_v1_0_S00_AXI_inst/HEART/O2[0]                                                        | reset_65816_module_IBUF_BUFG                                                                                                                         |                3 |              8 |
|  Interface_Master_BD_i/processing_system7_0/inst/FCLK_CLK0                                                                | Interface_Master_BD_i/processing_system7_0_axi_periph/s00_couplers/auto_pc/inst/gen_axilite.gen_b2s_conv.axilite_b2s/WR.aw_channel_0/aw_cmd_fsm_0/O12[0]  |                                                                                                                                                      |                3 |              8 |
|  Interface_Master_BD_i/clk_wiz_0/U0/clk_out1                                                                              | Interface_Master_BD_i/AXIinterfacefor65816_0/U0/AXIinterfacefor65816_v1_0_S00_AXI_inst/HEART/read_out_bank0                                               |                                                                                                                                                      |                6 |              8 |
|  Interface_Master_BD_i/processing_system7_0/inst/FCLK_CLK0                                                                | Interface_Master_BD_i/processing_system7_0_axi_periph/s00_couplers/auto_pc/inst/gen_axilite.gen_b2s_conv.axilite_b2s/WR.b_channel_0/mhandshake_r          | Interface_Master_BD_i/processing_system7_0_axi_periph/s00_couplers/auto_pc/inst/gen_axilite.gen_b2s_conv.axilite_b2s/WR.b_channel_0/bid_fifo_0/SR[0] |                3 |              8 |
|  Interface_Master_BD_i/clk_wiz_0/U0/clk_out2_Interface_Master_BD_clk_wiz_0_0_en_clk                                       |                                                                                                                                                           |                                                                                                                                                      |                2 |              8 |
|  Interface_Master_BD_i/clk_wiz_0/U0/clk_out1                                                                              | Interface_Master_BD_i/AXIinterfacefor65816_0/U0/AXIinterfacefor65816_v1_0_S00_AXI_inst/HEART/n_0_state_machine_onehot[15]_i_1                             |                                                                                                                                                      |                3 |              8 |
|  Interface_Master_BD_i/clk_wiz_0/U0/clk_out1                                                                              | Interface_Master_BD_i/AXIinterfacefor65816_0/U0/AXIinterfacefor65816_v1_0_S00_AXI_inst/HEART/O2[0]                                                        |                                                                                                                                                      |                4 |              8 |
|  Interface_Master_BD_i/clk_wiz_0/U0/clk_out1                                                                              | Interface_Master_BD_i/AXIinterfacefor65816_0/U0/AXIinterfacefor65816_v1_0_S00_AXI_inst/HEART/write_back_bank0                                             | Interface_Master_BD_i/AXIinterfacefor65816_0/U0/AXIinterfacefor65816_v1_0_S00_AXI_inst/HEART/n_0_write_back_bank[7]_i_1                              |                3 |              8 |
|  Interface_Master_BD_i/clk_wiz_0/U0/clk_out1                                                                              | Interface_Master_BD_i/AXIinterfacefor65816_0/U0/AXIinterfacefor65816_v1_0_S00_AXI_inst/HEART/instruction_size0                                            |                                                                                                                                                      |                5 |              9 |
|  Interface_Master_BD_i/AXIinterfacefor65816_0/U0/AXIinterfacefor65816_v1_0_S00_AXI_inst/HEART/decode_on                   |                                                                                                                                                           | reset_65816_module_IBUF_BUFG                                                                                                                         |                8 |              9 |
|  Interface_Master_BD_i/processing_system7_0/inst/FCLK_CLK0                                                                |                                                                                                                                                           | Interface_Master_BD_i/processing_system7_0_axi_periph/xbar/inst/gen_sasd.crossbar_sasd_0/addr_arbiter_inst/SR[0]                                     |                4 |              9 |
|  Interface_Master_BD_i/processing_system7_0/inst/FCLK_CLK0                                                                | Interface_Master_BD_i/AXIinterfacefor65816_0/U0/AXIinterfacefor65816_v1_0_S00_AXI_inst/axi_awready0                                                       | Interface_Master_BD_i/AXIinterfacefor65816_0/U0/AXIinterfacefor65816_v1_0_S00_AXI_inst/n_0_axi_awready_i_1                                           |                4 |             11 |
|  Interface_Master_BD_i/processing_system7_0/inst/FCLK_CLK0                                                                | Interface_Master_BD_i/processing_system7_0_axi_periph/s00_couplers/auto_pc/inst/gen_axilite.gen_b2s_conv.axilite_b2s/RD.r_channel_0/r_push_r              |                                                                                                                                                      |                4 |             13 |
|  Interface_Master_BD_i/processing_system7_0/inst/FCLK_CLK0                                                                | Interface_Master_BD_i/processing_system7_0_axi_periph/s00_couplers/auto_pc/inst/gen_axilite.gen_b2s_conv.axilite_b2s/SI_REG/b_pipe/O2                     |                                                                                                                                                      |                2 |             14 |
|  Interface_Master_BD_i/processing_system7_0/inst/FCLK_CLK0                                                                | Interface_Master_BD_i/processing_system7_0_axi_periph/s00_couplers/auto_pc/inst/gen_axilite.gen_b2s_conv.axilite_b2s/SI_REG/b_pipe/p_1_in                 |                                                                                                                                                      |                2 |             14 |
|  Interface_Master_BD_i/clk_wiz_0/U0/clk_out1                                                                              |                                                                                                                                                           |                                                                                                                                                      |               11 |             14 |
|  Interface_Master_BD_i/clk_wiz_0/U0/clk_out1                                                                              | Interface_Master_BD_i/AXIinterfacefor65816_0/U0/AXIinterfacefor65816_v1_0_S00_AXI_inst/HEART/n_0_X_REG[15]_i_1                                            | reset_65816_module_IBUF_BUFG                                                                                                                         |               12 |             16 |
|  Interface_Master_BD_i/clk_wiz_0/U0/clk_out1                                                                              | Interface_Master_BD_i/AXIinterfacefor65816_0/U0/AXIinterfacefor65816_v1_0_S00_AXI_inst/HEART/n_0_StackPointer[15]_i_1                                     | reset_65816_module_IBUF_BUFG                                                                                                                         |               11 |             16 |
|  Interface_Master_BD_i/AXIinterfacefor65816_0/U0/AXIinterfacefor65816_v1_0_S00_AXI_inst/HEART/n_0_memory_calculate_on_reg |                                                                                                                                                           |                                                                                                                                                      |                6 |             16 |
|  Interface_Master_BD_i/clk_wiz_0/U0/clk_out1                                                                              | Interface_Master_BD_i/AXIinterfacefor65816_0/U0/AXIinterfacefor65816_v1_0_S00_AXI_inst/HEART/n_0_Y_REG[15]_i_1                                            | reset_65816_module_IBUF_BUFG                                                                                                                         |               10 |             16 |
|  Interface_Master_BD_i/clk_wiz_0/U0/clk_out1                                                                              | Interface_Master_BD_i/AXIinterfacefor65816_0/U0/AXIinterfacefor65816_v1_0_S00_AXI_inst/HEART/n_0_write_back_value[15]_i_1                                 |                                                                                                                                                      |               12 |             16 |
|  Interface_Master_BD_i/clk_wiz_0/U0/clk_out1                                                                              | Interface_Master_BD_i/AXIinterfacefor65816_0/U0/AXIinterfacefor65816_v1_0_S00_AXI_inst/HEART/requested_values0                                            |                                                                                                                                                      |                9 |             16 |
|  Interface_Master_BD_i/clk_wiz_0/U0/clk_out1                                                                              | Interface_Master_BD_i/AXIinterfacefor65816_0/U0/AXIinterfacefor65816_v1_0_S00_AXI_inst/HEART/read_out0                                                    |                                                                                                                                                      |                9 |             16 |
|  Interface_Master_BD_i/clk_wiz_0/U0/clk_out1                                                                              | Interface_Master_BD_i/AXIinterfacefor65816_0/U0/AXIinterfacefor65816_v1_0_S00_AXI_inst/HEART/math_temp0                                                   |                                                                                                                                                      |               11 |             16 |
|  Interface_Master_BD_i/clk_wiz_0/U0/clk_out1                                                                              | Interface_Master_BD_i/AXIinterfacefor65816_0/U0/AXIinterfacefor65816_v1_0_S00_AXI_inst/HEART/n_0_A_REG[15]_i_1                                            | reset_65816_module_IBUF_BUFG                                                                                                                         |               12 |             16 |
|  Interface_Master_BD_i/clk_wiz_0/U0/clk_out1                                                                              | Interface_Master_BD_i/AXIinterfacefor65816_0/U0/AXIinterfacefor65816_v1_0_S00_AXI_inst/HEART/n_0_FSM_onehot_state[17]_i_1                                 | reset_65816_module_IBUF_BUFG                                                                                                                         |                9 |             17 |
|  Interface_Master_BD_i/processing_system7_0/inst/FCLK_CLK0                                                                | Interface_Master_BD_i/processing_system7_0_axi_periph/s00_couplers/auto_pc/inst/gen_axilite.gen_b2s_conv.axilite_b2s/WR.aw_channel_0/aw_cmd_fsm_0/O2      |                                                                                                                                                      |                4 |             20 |
|  Interface_Master_BD_i/processing_system7_0/inst/FCLK_CLK0                                                                | Interface_Master_BD_i/processing_system7_0_axi_periph/xbar/inst/gen_sasd.crossbar_sasd_0/addr_arbiter_inst/p_0_in1_in                                     | Interface_Master_BD_i/processing_system7_0_axi_periph/xbar/inst/gen_sasd.crossbar_sasd_0/addr_arbiter_inst/SR[0]                                     |                6 |             21 |
|  Interface_Master_BD_i/clk_wiz_0/U0/clk_out1                                                                              | Interface_Master_BD_i/AXIinterfacefor65816_0/U0/AXIinterfacefor65816_v1_0_S00_AXI_inst/HEART/n_0_chunk_pull[31]_i_1                                       |                                                                                                                                                      |                7 |             24 |
|  Interface_Master_BD_i/clk_wiz_0/U0/clk_out1                                                                              | Interface_Master_BD_i/AXIinterfacefor65816_0/U0/AXIinterfacefor65816_v1_0_S00_AXI_inst/HEART/write_back_location0                                         |                                                                                                                                                      |               11 |             24 |
|  Interface_Master_BD_i/clk_wiz_0/U0/clk_out1                                                                              | Interface_Master_BD_i/AXIinterfacefor65816_0/U0/AXIinterfacefor65816_v1_0_S00_AXI_inst/HEART/E[0]                                                         |                                                                                                                                                      |               12 |             24 |
|  Interface_Master_BD_i/clk_wiz_0/U0/clk_out1                                                                              | Interface_Master_BD_i/AXIinterfacefor65816_0/U0/AXIinterfacefor65816_v1_0_S00_AXI_inst/HEART/E[0]                                                         | Interface_Master_BD_i/AXIinterfacefor65816_0/U0/AXIinterfacefor65816_v1_0_S00_AXI_inst/HEART/O7                                                      |                9 |             24 |
|  Interface_Master_BD_i/clk_wiz_0/U0/clk_out1                                                                              | Interface_Master_BD_i/AXIinterfacefor65816_0/U0/AXIinterfacefor65816_v1_0_S00_AXI_inst/HEART/address_out0                                                 |                                                                                                                                                      |               17 |             24 |
|  Interface_Master_BD_i/processing_system7_0/inst/FCLK_CLK0                                                                | Interface_Master_BD_i/AXIinterfacefor65816_0/U0/AXIinterfacefor65816_v1_0_S00_AXI_inst/slv_reg_rden                                                       | Interface_Master_BD_i/AXIinterfacefor65816_0/U0/AXIinterfacefor65816_v1_0_S00_AXI_inst/n_0_axi_awready_i_1                                           |               18 |             32 |
|  Interface_Master_BD_i/clk_wiz_0/U0/clk_out1                                                                              |                                                                                                                                                           | reset_65816_module_IBUF_BUFG                                                                                                                         |               18 |             33 |
|  Interface_Master_BD_i/processing_system7_0/inst/FCLK_CLK0                                                                | Interface_Master_BD_i/processing_system7_0_axi_periph/s00_couplers/auto_pc/inst/gen_axilite.gen_b2s_conv.axilite_b2s/RD.r_channel_0/rd_data_fifo_0/wr_en0 |                                                                                                                                                      |                9 |             34 |
|  Interface_Master_BD_i/processing_system7_0/inst/FCLK_CLK0                                                                | Interface_Master_BD_i/processing_system7_0_axi_periph/xbar/inst/gen_sasd.crossbar_sasd_0/addr_arbiter_inst/E[0]                                           |                                                                                                                                                      |               13 |             35 |
|  Interface_Master_BD_i/processing_system7_0/inst/FCLK_CLK0                                                                | Interface_Master_BD_i/processing_system7_0_axi_periph/xbar/inst/gen_sasd.crossbar_sasd_0/reg_slice_r/aa_rready                                            |                                                                                                                                                      |               10 |             35 |
|  Interface_Master_BD_i/processing_system7_0/inst/FCLK_CLK0                                                                | Interface_Master_BD_i/processing_system7_0_axi_periph/s00_couplers/auto_pc/inst/gen_axilite.gen_b2s_conv.axilite_b2s/SI_REG/aw_pipe/O2                    |                                                                                                                                                      |                8 |             44 |
|  Interface_Master_BD_i/processing_system7_0/inst/FCLK_CLK0                                                                | Interface_Master_BD_i/processing_system7_0_axi_periph/s00_couplers/auto_pc/inst/gen_axilite.gen_b2s_conv.axilite_b2s/SI_REG/ar_pipe/O2                    |                                                                                                                                                      |                8 |             44 |
|  Interface_Master_BD_i/processing_system7_0/inst/FCLK_CLK0                                                                | Interface_Master_BD_i/processing_system7_0_axi_periph/s00_couplers/auto_pc/inst/gen_axilite.gen_b2s_conv.axilite_b2s/WR.aw_channel_0/aw_cmd_fsm_0/O15[0]  |                                                                                                                                                      |                9 |             44 |
|  Interface_Master_BD_i/processing_system7_0/inst/FCLK_CLK0                                                                | Interface_Master_BD_i/processing_system7_0_axi_periph/s00_couplers/auto_pc/inst/gen_axilite.gen_b2s_conv.axilite_b2s/RD.ar_channel_0/ar_cmd_fsm_0/O17[0]  |                                                                                                                                                      |                8 |             44 |
|  Interface_Master_BD_i/processing_system7_0/inst/FCLK_CLK0                                                                | Interface_Master_BD_i/processing_system7_0_axi_periph/s00_couplers/auto_pc/inst/gen_axilite.gen_b2s_conv.axilite_b2s/SI_REG/r_pipe/O2                     |                                                                                                                                                      |                9 |             47 |
|  Interface_Master_BD_i/processing_system7_0/inst/FCLK_CLK0                                                                | Interface_Master_BD_i/processing_system7_0_axi_periph/s00_couplers/auto_pc/inst/gen_axilite.gen_b2s_conv.axilite_b2s/SI_REG/r_pipe/p_1_in                 |                                                                                                                                                      |                9 |             47 |
|  Interface_Master_BD_i/processing_system7_0/inst/FCLK_CLK0                                                                |                                                                                                                                                           | Interface_Master_BD_i/processing_system7_0_axi_periph/s00_couplers/auto_pc/inst/gen_axilite.gen_b2s_conv.axilite_b2s/areset_d1                       |               18 |             73 |
|  Interface_Master_BD_i/processing_system7_0/inst/FCLK_CLK0                                                                |                                                                                                                                                           |                                                                                                                                                      |               40 |            135 |
|  Interface_Master_BD_i/processing_system7_0/inst/FCLK_CLK0                                                                |                                                                                                                                                           | Interface_Master_BD_i/AXIinterfacefor65816_0/U0/AXIinterfacefor65816_v1_0_S00_AXI_inst/n_0_axi_awready_i_1                                           |              203 |            580 |
+---------------------------------------------------------------------------------------------------------------------------+-----------------------------------------------------------------------------------------------------------------------------------------------------------+------------------------------------------------------------------------------------------------------------------------------------------------------+------------------+----------------+


